..\azure-rtos\netxduo\addons\ppp\nx_ppp.c:155:6:_nx_ppp_thread_entry	72	static
..\azure-rtos\netxduo\addons\ppp\nx_ppp.c:546:7:_nx_ppp_driver	56	static
..\azure-rtos\netxduo\addons\ppp\nx_ppp.c:825:7:_nx_ppp_receive_packet_get	96	static
..\azure-rtos\netxduo\addons\ppp\nx_ppp.c:1452:7:_nx_ppp_receive_packet_process	32	static
..\azure-rtos\netxduo\addons\ppp\nx_ppp.c:1765:6:_nx_ppp_timeout	16	static
..\azure-rtos\netxduo\addons\ppp\nx_ppp.c:1852:6:_nx_ppp_timer_entry	24	static
..\azure-rtos\netxduo\addons\ppp\nx_ppp.c:1913:6:_nx_ppp_netx_packet_transfer	24	static
..\azure-rtos\netxduo\addons\ppp\nx_ppp.c:1994:6:_nx_ppp_process_deferred_raw_string_send	40	static
..\azure-rtos\netxduo\addons\ppp\nx_ppp.c:2124:6:_nx_ppp_process_deferred_ip_packet_send	40	static
..\azure-rtos\netxduo\addons\ppp\nx_ppp.c:2268:7:_nx_ppp_lcp_state_machine_update	40	static
..\azure-rtos\netxduo\addons\ppp\nx_ppp.c:2964:7:_nx_ppp_lcp_code_reject	32	static
..\azure-rtos\netxduo\addons\ppp\nx_ppp.c:3081:7:_nx_ppp_lcp_configure_reply_send	40	static
..\azure-rtos\netxduo\addons\ppp\nx_ppp.c:3292:7:_nx_ppp_lcp_configure_request_send	24	static
..\azure-rtos\netxduo\addons\ppp\nx_ppp.c:3432:7:_nx_ppp_lcp_configuration_retrieve	56	static
..\azure-rtos\netxduo\addons\ppp\nx_ppp.c:3713:7:_nx_ppp_lcp_nak_configure_list	24	static
..\azure-rtos\netxduo\addons\ppp\nx_ppp.c:3770:7:_nx_ppp_lcp_terminate_ack_send	24	static
..\azure-rtos\netxduo\addons\ppp\nx_ppp.c:3860:7:_nx_ppp_lcp_terminate_request_send	24	static
..\azure-rtos\netxduo\addons\ppp\nx_ppp.c:3955:6:_nx_ppp_pap_state_machine_update	24	static
..\azure-rtos\netxduo\addons\ppp\nx_ppp.c:4304:6:_nx_ppp_pap_authentication_request	112	static
..\azure-rtos\netxduo\addons\ppp\nx_ppp.c:4450:6:_nx_ppp_pap_login_valid	96	static
..\azure-rtos\netxduo\addons\ppp\nx_ppp.c:4586:7:_nx_ppp_pap_authentication_ack	24	static
..\azure-rtos\netxduo\addons\ppp\nx_ppp.c:4681:6:_nx_ppp_pap_authentication_nak	24	static
..\azure-rtos\netxduo\addons\ppp\nx_ppp.c:4782:6:_nx_ppp_chap_state_machine_update	24	static
..\azure-rtos\netxduo\addons\ppp\nx_ppp.c:5541:6:_nx_ppp_chap_challenge_send	48	static
..\azure-rtos\netxduo\addons\ppp\nx_ppp.c:5695:6:_nx_ppp_chap_challenge_respond	192	static
..\azure-rtos\netxduo\addons\ppp\nx_ppp.c:5906:7:_nx_ppp_chap_challenge_validate	176	static
..\azure-rtos\netxduo\addons\ppp\nx_ppp.c:6151:6:_nx_ppp_ipcp_state_machine_update	96	static
..\azure-rtos\netxduo\addons\ppp\nx_ppp.c:6840:7:_nx_ppp_ipcp_configure_check	80	static
..\azure-rtos\netxduo\addons\ppp\nx_ppp.c:7205:7:_nx_ppp_ipcp_configure_request_send	32	static
..\azure-rtos\netxduo\addons\ppp\nx_ppp.c:7356:7:_nx_ppp_ipcp_response_extract	32	static
..\azure-rtos\netxduo\addons\ppp\nx_ppp.c:7494:7:_nx_ppp_ipcp_response_send	40	static
..\azure-rtos\netxduo\addons\ppp\nx_ppp.c:7669:7:_nx_ppp_ipcp_terminate_send	24	static
..\azure-rtos\netxduo\addons\ppp\nx_ppp.c:7760:7:_nx_ppp_ipcp_terminate_ack_send	24	static
..\azure-rtos\netxduo\addons\ppp\nx_ppp.c:7869:7:_nx_ppp_packet_transmit	40	static
..\azure-rtos\netxduo\addons\ppp\nx_ppp.c:8121:7:_nx_ppp_check_crc	32	static
..\azure-rtos\netxduo\addons\ppp\nx_ppp.c:8227:7:_nx_ppp_crc_append	40	static
..\azure-rtos\netxduo\addons\ppp\nx_ppp.c:8598:6:_nx_ppp_hash_generator	120	static
..\azure-rtos\netxduo\addons\ppp\nx_ppp.c:8678:7:_nxe_ppp_byte_receive	24	static
..\azure-rtos\netxduo\addons\ppp\nx_ppp.c:8737:7:_nx_ppp_byte_receive	48	static
..\azure-rtos\netxduo\addons\ppp\nx_ppp.c:8878:7:_nxe_ppp_create	64	static
..\azure-rtos\netxduo\addons\ppp\nx_ppp.c:8958:7:_nx_ppp_create	72	static
..\azure-rtos\netxduo\addons\ppp\nx_ppp.c:9098:7:_nxe_ppp_delete	24	static
..\azure-rtos\netxduo\addons\ppp\nx_ppp.c:9164:7:_nx_ppp_delete	40	static
..\azure-rtos\netxduo\addons\ppp\nx_ppp.c:9289:7:_nxe_ppp_link_up_notify	32	static
..\azure-rtos\netxduo\addons\ppp\nx_ppp.c:9351:7:_nx_ppp_link_up_notify	16	static
..\azure-rtos\netxduo\addons\ppp\nx_ppp.c:9406:7:_nxe_ppp_link_down_notify	32	static
..\azure-rtos\netxduo\addons\ppp\nx_ppp.c:9468:7:_nx_ppp_link_down_notify	16	static
..\azure-rtos\netxduo\addons\ppp\nx_ppp.c:9526:7:_nxe_ppp_pap_enable	40	static
..\azure-rtos\netxduo\addons\ppp\nx_ppp.c:9599:7:_nx_ppp_pap_enable	24	static
..\azure-rtos\netxduo\addons\ppp\nx_ppp.c:9685:7:_nxe_ppp_chap_challenge	24	static
..\azure-rtos\netxduo\addons\ppp\nx_ppp.c:9746:7:_nx_ppp_chap_challenge	16	static
..\azure-rtos\netxduo\addons\ppp\nx_ppp.c:9842:7:_nxe_ppp_chap_enable	40	static
..\azure-rtos\netxduo\addons\ppp\nx_ppp.c:9921:7:_nx_ppp_chap_enable	24	static
..\azure-rtos\netxduo\addons\ppp\nx_ppp.c:10012:7:_nxe_ppp_dns_address_get	24	static
..\azure-rtos\netxduo\addons\ppp\nx_ppp.c:10073:7:_nx_ppp_dns_address_get	16	static
..\azure-rtos\netxduo\addons\ppp\nx_ppp.c:10145:7:_nxe_ppp_dns_address_set	32	static
..\azure-rtos\netxduo\addons\ppp\nx_ppp.c:10211:7:_nx_ppp_dns_address_set	16	static
..\azure-rtos\netxduo\addons\ppp\nx_ppp.c:10264:7:_nxe_ppp_secondary_dns_address_get	24	static
..\azure-rtos\netxduo\addons\ppp\nx_ppp.c:10326:7:_nx_ppp_secondary_dns_address_get	16	static
..\azure-rtos\netxduo\addons\ppp\nx_ppp.c:10398:7:_nxe_ppp_secondary_dns_address_set	32	static
..\azure-rtos\netxduo\addons\ppp\nx_ppp.c:10464:7:_nx_ppp_secondary_dns_address_set	16	static
..\azure-rtos\netxduo\addons\ppp\nx_ppp.c:10517:7:_nxe_ppp_interface_index_get	24	static
..\azure-rtos\netxduo\addons\ppp\nx_ppp.c:10578:7:_nx_ppp_interface_index_get	16	static
..\azure-rtos\netxduo\addons\ppp\nx_ppp.c:10643:7:_nxe_ppp_ip_address_assign	40	static
..\azure-rtos\netxduo\addons\ppp\nx_ppp.c:10706:7:_nx_ppp_ip_address_assign	32	static
..\azure-rtos\netxduo\addons\ppp\nx_ppp.c:10786:7:_nxe_ppp_nak_authentication_notify	32	static
..\azure-rtos\netxduo\addons\ppp\nx_ppp.c:10848:7:_nx_ppp_nak_authentication_notify	16	static
..\azure-rtos\netxduo\addons\ppp\nx_ppp.c:10904:7:_nxe_ppp_raw_string_send	24	static
..\azure-rtos\netxduo\addons\ppp\nx_ppp.c:10972:7:_nx_ppp_raw_string_send	48	static
..\azure-rtos\netxduo\addons\ppp\nx_ppp.c:11095:7:_nxe_ppp_start	24	static
..\azure-rtos\netxduo\addons\ppp\nx_ppp.c:11155:7:_nx_ppp_start	16	static
..\azure-rtos\netxduo\addons\ppp\nx_ppp.c:11216:7:_nxe_ppp_stop	24	static
..\azure-rtos\netxduo\addons\ppp\nx_ppp.c:11275:7:_nx_ppp_stop	16	static
..\azure-rtos\netxduo\addons\ppp\nx_ppp.c:11369:7:_nxe_ppp_restart	24	static
..\azure-rtos\netxduo\addons\ppp\nx_ppp.c:11430:7:_nx_ppp_restart	16	static
..\azure-rtos\netxduo\addons\ppp\nx_ppp.c:11485:7:_nxe_ppp_status_get	24	static
..\azure-rtos\netxduo\addons\ppp\nx_ppp.c:11546:7:_nx_ppp_status_get	16	static
..\azure-rtos\netxduo\addons\ppp\nx_ppp.c:11697:7:_nx_ppp_lcp_ping_reply	16	static
..\azure-rtos\netxduo\addons\ppp\nx_ppp.c:11769:8:_nx_ppp_lcp_ping_process_echo_reply	16	static
..\azure-rtos\netxduo\addons\ppp\nx_ppp.c:11835:7:_nxe_ppp_ping_request	32	static
..\azure-rtos\netxduo\addons\ppp\nx_ppp.c:11903:7:_nx_ppp_ping_request	40	static
