C:\Users\Geramy\Documents\MCUXpressoIDE_11.7.1_9221\workspace\remora_rt1052_AzureRTOS\component\phy/fsl_phy.h:147:24:PHY_Init	16	static
C:\Users\Geramy\Documents\MCUXpressoIDE_11.7.1_9221\workspace\remora_rt1052_AzureRTOS\component\phy/fsl_phy.h:206:24:PHY_GetLinkStatus	16	static
C:\Users\Geramy\Documents\MCUXpressoIDE_11.7.1_9221\workspace\remora_rt1052_AzureRTOS\component\phy/fsl_phy.h:223:24:PHY_GetLinkSpeedDuplex	24	static
..\lwip\port\ethernetif.c:136:6:ethernetif_phy_init	32	static
..\lwip\port\ethernetif.c:154:13:fetch_all_received_pkts	24	static
..\lwip\port\ethernetif.c:208:6:ethernetif_input	16	static
..\lwip\port\ethernetif.c:235:7:ethernetif_init	24	static
..\lwip\port\ethernetif.c:341:6:ethernetif_probe_link	32	static
..\lwip\port\ethernetif.c:372:13:probe_link_cyclic	16	static
..\lwip\port\ethernetif.c:393:12:ethernetif_wait_linkup	32	static
..\lwip\port\ethernetif.c:490:12:ethernetif_wait_ipv4_valid	32	static
..\lwip\port\ethernetif.c:587:6:ethernetif_pbuf_free_safe	24	static
