c:\nxp\mcuxpressoide_11.7.1_9221\ide\plugins\com.nxp.mcuxpresso.tools.win32_11.7.1.202301190959\tools\arm-none-eabi\include\c++\10.3.1\arm-none-eabi\thumb\v7e-m+fp\hard\bits\gthr-default.h:229:1:int __gthread_key_delete(__gthread_key_t)	16	static
..\source\remora\RemoraNetwork.cpp:35:1:RemoraNetwork::RemoraNetwork(TX_MUTEX*, TX_MUTEX*)	24	static
..\source\remora\RemoraNetwork.cpp:42:6:UINT RemoraNetwork::EnableCaps(void (*)(NX_IP_DRIVER_STRUCT*))	48	static
..\source\remora\RemoraNetwork.cpp:107:6:void RemoraNetwork::Initialize()	48	static
..\source\remora\RemoraNetwork.cpp:148:6:bool RemoraNetwork::Accept()	24	static
..\source\remora\RemoraNetwork.cpp:161:6:void RemoraNetwork::ExtractAndProcess(NX_PACKET*)	56	static
..\source\remora\RemoraNetwork.cpp:233:1:RemoraNetwork::~RemoraNetwork()	16	static
..\source\remora\RemoraNetwork.cpp:233:1:virtual RemoraNetwork::~RemoraNetwork()	16	static
..\source\remora\RemoraNetwork.cpp:235:1:void __static_initialization_and_destruction_0(int, int)	16	static
..\source\remora\RemoraNetwork.cpp:235:1:cpp)	8	static
