..\azure-rtos\levelx\common\src\lx_nand_flash_simulator.c:116:7:_lx_nand_flash_simulator_initialize	16	static
..\azure-rtos\levelx\common\src\lx_nand_flash_simulator.c:147:7:_lx_nand_flash_simulator_read	32	static
..\azure-rtos\levelx\common\src\lx_nand_flash_simulator.c:167:7:_lx_nand_flash_simulator_write	80	static
..\azure-rtos\levelx\common\src\lx_nand_flash_simulator.c:238:7:_lx_nand_flash_simulator_block_erase	32	static
..\azure-rtos\levelx\common\src\lx_nand_flash_simulator.c:268:7:_lx_nand_flash_simulator_erase_all	24	static
..\azure-rtos\levelx\common\src\lx_nand_flash_simulator.c:300:7:_lx_nand_flash_simulator_block_erased_verify	24	static
..\azure-rtos\levelx\common\src\lx_nand_flash_simulator.c:328:7:_lx_nand_flash_simulator_page_erased_verify	24	static
..\azure-rtos\levelx\common\src\lx_nand_flash_simulator.c:356:7:_lx_nand_flash_simulator_block_status_get	16	static
..\azure-rtos\levelx\common\src\lx_nand_flash_simulator.c:366:7:_lx_nand_flash_simulator_block_status_set	16	static
..\azure-rtos\levelx\common\src\lx_nand_flash_simulator.c:378:7:_lx_nand_flash_simulator_extra_bytes_get	32	static
..\azure-rtos\levelx\common\src\lx_nand_flash_simulator.c:400:7:_lx_nand_flash_simulator_extra_bytes_set	32	static
..\azure-rtos\levelx\common\src\lx_nand_flash_simulator.c:426:7:_lx_nand_flash_simulator_system_error	24	static
