C:\Users\Geramy\Documents\MCUXpressoIDE_11.7.1_9221\workspace\remora_rt1052_AzureRTOS\drivers/fsl_iomuxc.h:1092:20:void IOMUXC_SetPinMux(uint32_t, uint32_t, uint32_t, uint32_t, uint32_t, uint32_t)	24	static
C:\Users\Geramy\Documents\MCUXpressoIDE_11.7.1_9221\workspace\remora_rt1052_AzureRTOS\drivers/fsl_iomuxc.h:1124:20:void IOMUXC_SetPinConfig(uint32_t, uint32_t, uint32_t, uint32_t, uint32_t, uint32_t)	24	static
C:\Users\Geramy\Documents\MCUXpressoIDE_11.7.1_9221\workspace\remora_rt1052_AzureRTOS\drivers/fsl_qtmr.h:424:20:void QTMR_StartTimer(TMR_Type*, qtmr_channel_selection_t, qtmr_counting_mode_t)	24	static
C:\Users\Geramy\Documents\MCUXpressoIDE_11.7.1_9221\workspace\remora_rt1052_AzureRTOS\drivers/fsl_qtmr.h:439:20:void QTMR_StopTimer(TMR_Type*, qtmr_channel_selection_t)	16	static
c:\nxp\mcuxpressoide_11.7.1_9221\ide\plugins\com.nxp.mcuxpresso.tools.win32_11.7.1.202301190959\tools\arm-none-eabi\include\c++\10.3.1\arm-none-eabi\thumb\v7e-m+fp\hard\bits\gthr-default.h:229:1:int __gthread_key_delete(__gthread_key_t)	16	static
..\source\modules\pwm\spindlePwm.cpp:10:1:SpindlePWM::SpindlePWM(volatile float&)	32	static
..\source\modules\pwm\spindlePwm.cpp:26:6:virtual void SpindlePWM::update()	16	static
..\source\modules\pwm\spindlePwm.cpp:121:6:virtual void SpindlePWM::slowUpdate()	16	static
..\source\modules\pwm\spindlePwm.h:19:7:SpindlePWM::~SpindlePWM()	16	static
..\source\modules\pwm\spindlePwm.h:19:7:virtual SpindlePWM::~SpindlePWM()	16	static
