c:\nxp\mcuxpressoide_11.7.1_9221\ide\plugins\com.nxp.mcuxpresso.tools.win32_11.7.1.202301190959\tools\arm-none-eabi\include\c++\10.3.1\arm-none-eabi\thumb\v7e-m+fp\hard\bits\gthr-default.h:229:1:int __gthread_key_delete(__gthread_key_t)	16	static
c:\nxp\mcuxpressoide_11.7.1_9221\ide\plugins\com.nxp.mcuxpresso.tools.win32_11.7.1.202301190959\tools\arm-none-eabi\include\c++\10.3.1\bits\std_abs.h:56:3:long int std::abs(long int)	16	static
..\source\modules\DMAstepgen\DMAstepgen.cpp:11:1:DMAstepgen::DMAstepgen(int32_t, int, std::string, std::string, int, int, volatile int32_t&, volatile int32_t&, volatile uint8_t&, RemoraStepGenDMA&)	88	static
..\source\modules\DMAstepgen\DMAstepgen.cpp:70:6:virtual void DMAstepgen::update()	16	static
..\source\modules\DMAstepgen\DMAstepgen.cpp:76:6:virtual void DMAstepgen::updatePost()	16	static
..\source\modules\DMAstepgen\DMAstepgen.cpp:81:6:virtual void DMAstepgen::slowUpdate()	16	static
..\source\modules\DMAstepgen\DMAstepgen.cpp:86:6:void DMAstepgen::makePulses()	24	static
..\source\modules\DMAstepgen\DMAstepgen.cpp:196:6:void DMAstepgen::makeStep()	16	static
..\source\modules\DMAstepgen\DMAstepgen.cpp:235:6:void DMAstepgen::stopPulses()	16	static
..\source\modules\DMAstepgen\DMAstepgen.cpp:241:6:void DMAstepgen::setEnabled(bool)	16	static
..\source\modules\DMAstepgen\DMAstepgen.h:14:7:DMAstepgen::~DMAstepgen()	16	static
..\source\modules\DMAstepgen\DMAstepgen.h:14:7:virtual DMAstepgen::~DMAstepgen()	16	static
