../drivers/fsl_lpuart.h:721:20:LPUART_EnableTx	16	static
../drivers/fsl_lpuart.h:741:20:LPUART_EnableRx	16	static
../drivers/fsl_dmamux.h:75:20:DMAMUX_EnableChannel	16	static
../drivers/fsl_dmamux.h:91:20:DMAMUX_DisableChannel	16	static
../drivers/fsl_dmamux.h:109:20:DMAMUX_SetSource	24	static
../drivers/fsl_lpuart_cmsis.c:332:16:LPUART_CommonControl	64	static
../drivers/fsl_lpuart_cmsis.c:471:27:LPUARTx_GetVersion	16	static
../drivers/fsl_lpuart_cmsis.c:476:31:LPUARTx_GetCapabilities	4	static
../drivers/fsl_lpuart_cmsis.c:481:16:LPUARTx_SetModemControl	16	static
../drivers/fsl_lpuart_cmsis.c:486:31:LPUARTx_GetModemStatus	16	static
../drivers/fsl_lpuart_cmsis.c:787:13:KSDK_LPUART_EdmaCallback	32	static
../drivers/fsl_lpuart_cmsis.c:807:16:LPUART_EdmaInitialize	16	static
../drivers/fsl_lpuart_cmsis.c:818:16:LPUART_EdmaUninitialize	16	static
../drivers/fsl_lpuart_cmsis.c:824:16:LPUART_EdmaPowerControl	64	static
../drivers/fsl_lpuart_cmsis.c:898:16:LPUART_EdmaSend	40	static
../drivers/fsl_lpuart_cmsis.c:928:16:LPUART_EdmaReceive	40	static
../drivers/fsl_lpuart_cmsis.c:958:16:LPUART_EdmaTransfer	24	static
../drivers/fsl_lpuart_cmsis.c:967:17:LPUART_EdmaGetTxCount	24	static
../drivers/fsl_lpuart_cmsis.c:979:17:LPUART_EdmaGetRxCount	24	static
../drivers/fsl_lpuart_cmsis.c:992:16:LPUART_EdmaControl	32	static
../drivers/fsl_lpuart_cmsis.c:1033:25:LPUART_EdmaGetStatus	24	static
../drivers/fsl_lpuart_cmsis.c:1770:16:LPUART1_EdmaInitialize	16	static
../drivers/fsl_lpuart_cmsis.c:1778:16:LPUART1_EdmaUninitialize	8	static
../drivers/fsl_lpuart_cmsis.c:1786:16:LPUART1_EdmaPowerControl	16	static
../drivers/fsl_lpuart_cmsis.c:1791:16:LPUART1_EdmaSend	16	static
../drivers/fsl_lpuart_cmsis.c:1796:16:LPUART1_EdmaReceive	16	static
../drivers/fsl_lpuart_cmsis.c:1801:16:LPUART1_EdmaTransfer	24	static
../drivers/fsl_lpuart_cmsis.c:1806:17:LPUART1_EdmaGetTxCount	8	static
../drivers/fsl_lpuart_cmsis.c:1811:17:LPUART1_EdmaGetRxCount	8	static
../drivers/fsl_lpuart_cmsis.c:1816:16:LPUART1_EdmaControl	16	static
../drivers/fsl_lpuart_cmsis.c:1821:25:LPUART1_EdmaGetStatus	8	static
