C:\Users\Geramy\Documents\MCUXpressoIDE_11.7.1_9221\workspace\remora_rt1052_AzureRTOS\CMSIS/core_cm7.h:1911:22:__NVIC_EnableIRQ	16	static
../drivers/fsl_common_arm.h:499:24:EnableIRQ	24	static
../drivers/fsl_lpuart.h:653:24:LPUART_GetDataRegisterAddress	16	static
../drivers/fsl_lpuart.h:666:20:LPUART_EnableTxDMA	16	static
../drivers/fsl_lpuart.h:686:20:LPUART_EnableRxDMA	16	static
../drivers/fsl_lpuart_edma.c:128:13:LPUART_SendEDMACallback	32	static
../drivers/fsl_lpuart_edma.c:151:13:LPUART_ReceiveEDMACallback	40	static
../drivers/fsl_lpuart_edma.c:186:6:LPUART_TransferCreateHandleEDMA	32	static
../drivers/fsl_lpuart_edma.c:265:10:LPUART_SendEDMA	80	static
../drivers/fsl_lpuart_edma.c:324:10:LPUART_ReceiveEDMA	80	static
../drivers/fsl_lpuart_edma.c:377:6:LPUART_TransferAbortSendEDMA	16	static
../drivers/fsl_lpuart_edma.c:399:6:LPUART_TransferAbortReceiveEDMA	16	static
../drivers/fsl_lpuart_edma.c:425:10:LPUART_TransferGetReceiveCountEDMA	32	static
../drivers/fsl_lpuart_edma.c:456:10:LPUART_TransferGetSendCountEDMA	32	static
../drivers/fsl_lpuart_edma.c:485:6:LPUART_TransferEdmaHandleIRQ	32	static
