c:\nxp\mcuxpressoide_11.7.1_9221\ide\plugins\com.nxp.mcuxpresso.tools.win32_11.7.1.202301190959\tools\arm-none-eabi\include\c++\10.3.1\arm-none-eabi\thumb\v7e-m+fp\hard\bits\gthr-default.h:229:1:int __gthread_key_delete(__gthread_key_t)	16	static
C:\Users\Geramy\Documents\MCUXpressoIDE_11.7.1_9221\workspace\remora_rt1052_AzureRTOS\drivers/fsl_gpio.h:176:24:uint32_t GPIO_PinRead(GPIO_Type*, uint32_t)	16	static
C:\Users\Geramy\Documents\MCUXpressoIDE_11.7.1_9221\workspace\remora_rt1052_AzureRTOS\source/drivers/pin/pin.h:36:21:bool Pin::get()	16	static
..\source\modules\encoder\encoder.cpp:8:1:Encoder::Encoder(volatile float&, std::string, std::string)	80	static
..\source\modules\encoder\encoder.cpp:19:1:Encoder::Encoder(volatile float&, volatile uint32_t&, int, std::string, std::string, std::string)	104	static
..\source\modules\encoder\encoder.cpp:38:6:virtual void Encoder::update()	24	static
..\source\modules\encoder\encoder.h:15:7:Encoder::~Encoder()	16	static
..\source\modules\encoder\encoder.h:15:7:virtual Encoder::~Encoder()	16	static
..\source\modules\encoder\encoder.cpp:84:1:void __static_initialization_and_destruction_0(int, int)	16	static
..\source\modules\encoder\encoder.cpp:84:1:cpp)	8	static
