c:\nxp\mcuxpressoide_11.7.1_9221\ide\plugins\com.nxp.mcuxpresso.tools.win32_11.7.1.202301190959\tools\arm-none-eabi\include\c++\10.3.1\arm-none-eabi\thumb\v7e-m+fp\hard\bits\gthr-default.h:229:1:int __gthread_key_delete(__gthread_key_t)	16	static
..\source\tftpserver.cpp:60:20:tftp_opcode IAP_tftp_decode_op(char*)	16	static
..\source\tftpserver.cpp:70:14:u16_t IAP_tftp_extract_block(char*)	24	static
..\source\tftpserver.cpp:82:13:void IAP_tftp_set_opcode(char*, tftp_opcode)	16	static
..\source\tftpserver.cpp:94:13:void IAP_tftp_set_block(char*, u16_t)	32	static
..\source\tftpserver.cpp:108:14:err_t IAP_tftp_send_ack_packet(udp_pcb*, const ip_addr_t*, int, int)	40	static
..\source\tftpserver.cpp:158:13:void IAP_wrq_recv_callback(void*, udp_pcb*, pbuf*, const ip_addr_t*, u16_t)	560	static
..\source\tftpserver.cpp:243:12:int IAP_tftp_process_write(udp_pcb*, const ip_addr_t*, int)	32	static
..\source\tftpserver.cpp:319:13:void IAP_tftp_recv_callback(void*, udp_pcb*, pbuf*, const ip_addr_t*, u16_t)	32	static
..\source\tftpserver.cpp:366:13:void IAP_tftp_cleanup_wr(udp_pcb*, tftp_connection_args*)	16	static
..\source\tftpserver.cpp:389:6:void IAP_tftpd_init(RemoraStepGenDMA*)	24	static
..\source\tftpserver.cpp:410:1:void __static_initialization_and_destruction_0(int, int)	16	static
..\source\tftpserver.cpp:410:1:cpp)	8	static
