C:\Users\Geramy\Documents\MCUXpressoIDE_11.7.1_9221\workspace\remora_rt1052_AzureRTOS\CMSIS/core_cm7.h:1911:22:void __NVIC_EnableIRQ(IRQn_Type)	16	static
C:\Users\Geramy\Documents\MCUXpressoIDE_11.7.1_9221\workspace\remora_rt1052_AzureRTOS\CMSIS/core_cm7.h:1949:22:void __NVIC_DisableIRQ(IRQn_Type)	16	static
C:\Users\Geramy\Documents\MCUXpressoIDE_11.7.1_9221\workspace\remora_rt1052_AzureRTOS\drivers/fsl_common_arm.h:499:24:status_t EnableIRQ(IRQn_Type)	24	static
C:\Users\Geramy\Documents\MCUXpressoIDE_11.7.1_9221\workspace\remora_rt1052_AzureRTOS\drivers/fsl_common_arm.h:543:24:status_t DisableIRQ(IRQn_Type)	24	static
C:\Users\Geramy\Documents\MCUXpressoIDE_11.7.1_9221\workspace\remora_rt1052_AzureRTOS\drivers/fsl_gpt.h:270:20:void GPT_StartTimer(GPT_Type*)	16	static
C:\Users\Geramy\Documents\MCUXpressoIDE_11.7.1_9221\workspace\remora_rt1052_AzureRTOS\drivers/fsl_gpt.h:280:20:void GPT_StopTimer(GPT_Type*)	16	static
C:\Users\Geramy\Documents\MCUXpressoIDE_11.7.1_9221\workspace\remora_rt1052_AzureRTOS\drivers/fsl_gpt.h:394:20:void GPT_SetOutputCompareValue(GPT_Type*, gpt_output_compare_channel_t, uint32_t)	24	static
C:\Users\Geramy\Documents\MCUXpressoIDE_11.7.1_9221\workspace\remora_rt1052_AzureRTOS\drivers/fsl_gpt.h:442:20:void GPT_EnableInterrupts(GPT_Type*, uint32_t)	16	static
..\source\thread\timer.cpp:11:1:pruTimer::pruTimer(GPT_Type*, IRQn_Type, uint32_t, pruThread*)	32	static
..\source\thread\timer.cpp:23:6:void pruTimer::timerTick()	16	static
..\source\thread\timer.cpp:31:6:void pruTimer::startTimer()	40	static
..\source\thread\timer.cpp:62:6:void pruTimer::stopTimer()	16	static
