c:\nxp\mcuxpressoide_11.7.1_9221\ide\plugins\com.nxp.mcuxpresso.tools.win32_11.7.1.202301190959\tools\arm-none-eabi\include\c++\10.3.1\arm-none-eabi\thumb\v7e-m+fp\hard\bits\gthr-default.h:229:1:int __gthread_key_delete(__gthread_key_t)	16	static
..\source\modules\stepgen\../../drivers/pin/pin.h:41:21:void Pin::set(bool)	16	static
..\source\modules\stepgen\stepgen.cpp:7:1:Stepgen::Stepgen(int32_t, int, std::string, std::string, int, volatile int32_t&, volatile int32_t&, volatile uint8_t&)	80	static
..\source\modules\stepgen\stepgen.cpp:26:6:virtual void Stepgen::update()	16	static
..\source\modules\stepgen\stepgen.cpp:32:6:virtual void Stepgen::updatePost()	16	static
..\source\modules\stepgen\stepgen.cpp:37:6:virtual void Stepgen::slowUpdate()	16	static
..\source\modules\stepgen\stepgen.cpp:42:6:void Stepgen::makePulses()	24	static
..\source\modules\stepgen\stepgen.cpp:80:6:void Stepgen::stopPulses()	16	static
..\source\modules\stepgen\stepgen.cpp:87:6:void Stepgen::setEnabled(bool)	16	static
..\source\modules\stepgen\stepgen.h:14:7:Stepgen::~Stepgen()	16	static
..\source\modules\stepgen\stepgen.h:14:7:virtual Stepgen::~Stepgen()	16	static
