C:\Users\Geramy\Documents\MCUXpressoIDE_11.7.1_9221\workspace\remora_rt1052_AzureRTOS\drivers/fsl_dmamux.h:75:20:void DMAMUX_EnableChannel(DMAMUX_Type*, uint32_t)	16	static
C:\Users\Geramy\Documents\MCUXpressoIDE_11.7.1_9221\workspace\remora_rt1052_AzureRTOS\drivers/fsl_dmamux.h:109:20:void DMAMUX_SetSource(DMAMUX_Type*, uint32_t, uint32_t)	24	static
c:\users\geramy\documents\mcuxpressoide_11.7.1_9221\workspace\remora_rt1052_azurertos\source\lib\arduinojson6\arduinojson\variant\variantslot.hpp:33:16:ArduinoJson6101_110::VariantData* ArduinoJson6101_110::VariantSlot::data()	16	static
c:\users\geramy\documents\mcuxpressoide_11.7.1_9221\workspace\remora_rt1052_azurertos\source\lib\arduinojson6\arduinojson\variant\variantslot.hpp:41:16:ArduinoJson6101_110::VariantSlot* ArduinoJson6101_110::VariantSlot::next()	16	static
c:\users\geramy\documents\mcuxpressoide_11.7.1_9221\workspace\remora_rt1052_azurertos\source\lib\arduinojson6\arduinojson\variant\variantslot.hpp:81:15:const char* ArduinoJson6101_110::VariantSlot::key() const	16	static
c:\users\geramy\documents\mcuxpressoide_11.7.1_9221\workspace\remora_rt1052_azurertos\source\lib\arduinojson6\arduinojson\strings\ConstRamStringAdapter.hpp:14:3:ArduinoJson6101_110::ConstRamStringAdapter::ConstRamStringAdapter(const char*)	16	static
c:\users\geramy\documents\mcuxpressoide_11.7.1_9221\workspace\remora_rt1052_azurertos\source\lib\arduinojson6\arduinojson\strings\ConstRamStringAdapter.hpp:16:8:bool ArduinoJson6101_110::ConstRamStringAdapter::equals(const char*) const	24	static
c:\users\geramy\documents\mcuxpressoide_11.7.1_9221\workspace\remora_rt1052_azurertos\source\lib\arduinojson6\arduinojson\strings\ConstRamStringAdapter.hpp:48:30:ArduinoJson6101_110::ConstRamStringAdapter ArduinoJson6101_110::adaptString(const char*)	24	static
c:\nxp\mcuxpressoide_11.7.1_9221\ide\plugins\com.nxp.mcuxpresso.tools.win32_11.7.1.202301190959\tools\arm-none-eabi\include\c++\10.3.1\arm-none-eabi\thumb\v7e-m+fp\hard\bits\gthr-default.h:229:1:int __gthread_key_delete(__gthread_key_t)	16	static
c:\users\geramy\documents\mcuxpressoide_11.7.1_9221\workspace\remora_rt1052_azurertos\source\lib\arduinojson6\arduinojson\variant\variantdata.hpp:349:11:uint8_t ArduinoJson6101_110::VariantData::type() const	16	static
c:\users\geramy\documents\mcuxpressoide_11.7.1_9221\workspace\remora_rt1052_azurertos\source\lib\arduinojson6\ArduinoJson/Variant/VariantImpl.hpp:70:20:const char* ArduinoJson6101_110::VariantData::asString() const	16	static
..\source\modules\nvmpg\nvmpg.cpp:9:6:void createNVMPG()	80	static
..\source\modules\nvmpg\nvmpg.cpp:23:1:NVMPG::NVMPG(volatile mpgData_t&, volatile uint16_t&)	40	static
..\source\modules\nvmpg\nvmpg.cpp:59:6:virtual void NVMPG::update()	24	static
..\source\modules\nvmpg\nvmpg.cpp:110:6:virtual void NVMPG::slowUpdate()	16	static
..\source\modules\nvmpg\nvmpg.cpp:115:6:virtual void NVMPG::configure()	16	static
..\source\modules\nvmpg\nvmpg.cpp:121:6:static void NVMPG::LPUART_UserCallback(LPUART_Type*, lpuart_edma_handle_t*, status_t, void*)	24	static
c:\users\geramy\documents\mcuxpressoide_11.7.1_9221\workspace\remora_rt1052_azurertos\source\lib\arduinojson6\arduinojson\variant\variantref.hpp:116:3:ArduinoJson6101_110::VariantRefBase<TData>::VariantRefBase(TData*) [with TData = ArduinoJson6101_110::VariantData]	16	static
c:\users\geramy\documents\mcuxpressoide_11.7.1_9221\workspace\remora_rt1052_azurertos\source\lib\arduinojson6\ArduinoJson/Collection/CollectionImpl.hpp:116:21:ArduinoJson6101_110::VariantData* ArduinoJson6101_110::CollectionData::get(TAdaptedString) const [with TAdaptedString = ArduinoJson6101_110::ConstRamStringAdapter]	24	static
c:\users\geramy\documents\mcuxpressoide_11.7.1_9221\workspace\remora_rt1052_azurertos\source\lib\arduinojson6\ArduinoJson/Collection/CollectionImpl.hpp:92:21:ArduinoJson6101_110::VariantSlot* ArduinoJson6101_110::CollectionData::getSlot(TAdaptedString) const [with TAdaptedString = ArduinoJson6101_110::ConstRamStringAdapter]	24	static
c:\users\geramy\documents\mcuxpressoide_11.7.1_9221\workspace\remora_rt1052_azurertos\source\lib\arduinojson6\arduinojson\object\objectshortcuts.hpp:70:18:const TObject* ArduinoJson6101_110::ObjectShortcuts<TObject>::impl() const [with TObject = ArduinoJson6101_110::ObjectRef]	16	static
c:\users\geramy\documents\mcuxpressoide_11.7.1_9221\workspace\remora_rt1052_azurertos\source\lib\arduinojson6\arduinojson\operators\VariantCasts.hpp:20:16:const TImpl* ArduinoJson6101_110::VariantCasts<TImpl>::impl() const [with TImpl = ArduinoJson6101_110::MemberProxy<const ArduinoJson6101_110::ObjectRef&, const char*>]	16	static
c:\users\geramy\documents\mcuxpressoide_11.7.1_9221\workspace\remora_rt1052_azurertos\source\lib\arduinojson6\arduinojson\variant\variantas.hpp:76:1:typename ArduinoJson6101_110::enable_if<(ArduinoJson6101_110::is_same<T, const char*>::value || ArduinoJson6101_110::is_same<T, char*>::value), const char*>::type ArduinoJson6101_110::variantAs(const ArduinoJson6101_110::VariantData*) [with T = const char*]	16	static
c:\users\geramy\documents\mcuxpressoide_11.7.1_9221\workspace\remora_rt1052_azurertos\source\lib\arduinojson6\ArduinoJson/Object/ObjectFunctions.hpp:26:21:ArduinoJson6101_110::VariantData* ArduinoJson6101_110::objectGet(const ArduinoJson6101_110::CollectionData*, TAdaptedString) [with TAdaptedString = ArduinoJson6101_110::ConstRamStringAdapter]	16	static
..\source\modules\nvmpg\nvmpg.h:29:7:NVMPG::~NVMPG()	16	static
..\source\modules\nvmpg\nvmpg.h:29:7:virtual NVMPG::~NVMPG()	16	static
