../azure-rtos/netxduo/addons/pppoe/nx_pppoe_server.c:122:7:_nxe_pppoe_server_create	56	static
../azure-rtos/netxduo/addons/pppoe/nx_pppoe_server.c:216:7:_nx_pppoe_server_create	64	static
../azure-rtos/netxduo/addons/pppoe/nx_pppoe_server.c:331:7:_nxe_pppoe_server_ac_name_set	32	static
../azure-rtos/netxduo/addons/pppoe/nx_pppoe_server.c:392:7:_nx_pppoe_server_ac_name_set	32	static
../azure-rtos/netxduo/addons/pppoe/nx_pppoe_server.c:462:7:_nxe_pppoe_server_delete	24	static
../azure-rtos/netxduo/addons/pppoe/nx_pppoe_server.c:521:7:_nx_pppoe_server_delete	40	static
../azure-rtos/netxduo/addons/pppoe/nx_pppoe_server.c:603:7:_nxe_pppoe_server_enable	24	static
../azure-rtos/netxduo/addons/pppoe/nx_pppoe_server.c:666:7:_nx_pppoe_server_enable	16	static
../azure-rtos/netxduo/addons/pppoe/nx_pppoe_server.c:726:7:_nxe_pppoe_server_disable	24	static
../azure-rtos/netxduo/addons/pppoe/nx_pppoe_server.c:784:7:_nx_pppoe_server_disable	16	static
../azure-rtos/netxduo/addons/pppoe/nx_pppoe_server.c:857:7:_nxe_pppoe_server_callback_notify_set	48	static
../azure-rtos/netxduo/addons/pppoe/nx_pppoe_server.c:938:7:_nx_pppoe_server_callback_notify_set	24	static
../azure-rtos/netxduo/addons/pppoe/nx_pppoe_server.c:1012:7:_nxe_pppoe_server_service_name_set	32	static
../azure-rtos/netxduo/addons/pppoe/nx_pppoe_server.c:1074:7:_nx_pppoe_server_service_name_set	24	static
../azure-rtos/netxduo/addons/pppoe/nx_pppoe_server.c:1139:7:_nxe_pppoe_server_session_send	32	static
../azure-rtos/netxduo/addons/pppoe/nx_pppoe_server.c:1223:7:_nx_pppoe_server_session_send	48	static
../azure-rtos/netxduo/addons/pppoe/nx_pppoe_server.c:1360:7:_nxe_pppoe_server_session_packet_send	32	static
../azure-rtos/netxduo/addons/pppoe/nx_pppoe_server.c:1494:7:_nx_pppoe_server_session_packet_send	32	static
../azure-rtos/netxduo/addons/pppoe/nx_pppoe_server.c:1607:7:_nxe_pppoe_server_session_terminate	24	static
../azure-rtos/netxduo/addons/pppoe/nx_pppoe_server.c:1680:7:_nx_pppoe_server_session_terminate	24	static
../azure-rtos/netxduo/addons/pppoe/nx_pppoe_server.c:1764:7:_nxe_pppoe_server_session_get	40	static
../azure-rtos/netxduo/addons/pppoe/nx_pppoe_server.c:1830:7:_nx_pppoe_server_session_get	24	static
../azure-rtos/netxduo/addons/pppoe/nx_pppoe_server.c:1910:7:_nx_pppoe_server_packet_deferred_receive	40	static
../azure-rtos/netxduo/addons/pppoe/nx_pppoe_server.c:2021:13:_nx_pppoe_server_thread_entry	56	static
../azure-rtos/netxduo/addons/pppoe/nx_pppoe_server.c:2263:7:_nx_pppoe_server_packet_receive	56	static
../azure-rtos/netxduo/addons/pppoe/nx_pppoe_server.c:2395:7:_nx_pppoe_server_discovery_packet_process	72	static
../azure-rtos/netxduo/addons/pppoe/nx_pppoe_server.c:2649:14:_nx_pppoe_server_session_packet_process	72	static
../azure-rtos/netxduo/addons/pppoe/nx_pppoe_server.c:2845:16:_nx_pppoe_server_discovery_send	56	static
../azure-rtos/netxduo/addons/pppoe/nx_pppoe_server.c:3166:16:_nx_pppoe_server_packet_send	56	static
../azure-rtos/netxduo/addons/pppoe/nx_pppoe_server.c:3235:14:_nx_pppoe_server_tag_process	56	static
../azure-rtos/netxduo/addons/pppoe/nx_pppoe_server.c:3556:15:_nx_pppoe_server_data_get	24	static
../azure-rtos/netxduo/addons/pppoe/nx_pppoe_server.c:3618:14:_nx_pppoe_server_data_add	24	static
../azure-rtos/netxduo/addons/pppoe/nx_pppoe_server.c:3696:14:_nx_pppoe_server_string_add	24	static
../azure-rtos/netxduo/addons/pppoe/nx_pppoe_server.c:3754:14:_nx_pppoe_server_tag_string_add	24	static
../azure-rtos/netxduo/addons/pppoe/nx_pppoe_server.c:3825:14:_nx_pppoe_server_session_find	32	static
../azure-rtos/netxduo/addons/pppoe/nx_pppoe_server.c:3944:14:_nx_pppoe_server_session_cleanup	16	static
