..\azure-rtos\netxduo\addons\tftp\nxd_tftp_server.c:94:7:_nxde_tftp_server_create	48	static
..\azure-rtos\netxduo\addons\tftp\nxd_tftp_server.c:187:7:_nxd_tftp_server_create	64	static
..\azure-rtos\netxduo\addons\tftp\nxd_tftp_server.c:361:7:_nxde_tftp_server_delete	24	static
..\azure-rtos\netxduo\addons\tftp\nxd_tftp_server.c:430:7:_nxd_tftp_server_delete	24	static
..\azure-rtos\netxduo\addons\tftp\nxd_tftp_server.c:554:7:_nxde_tftp_server_start	24	static
..\azure-rtos\netxduo\addons\tftp\nxd_tftp_server.c:613:7:_nxd_tftp_server_start	16	static
..\azure-rtos\netxduo\addons\tftp\nxd_tftp_server.c:670:7:_nxde_tftp_server_stop	24	static
..\azure-rtos\netxduo\addons\tftp\nxd_tftp_server.c:732:7:_nxd_tftp_server_stop	16	static
..\azure-rtos\netxduo\addons\tftp\nxd_tftp_server.c:788:7:_nx_tftp_server_data_present	24	static
..\azure-rtos\netxduo\addons\tftp\nxd_tftp_server.c:1023:7:_nx_tftp_server_thread_entry	40	static
..\azure-rtos\netxduo\addons\tftp\nxd_tftp_server.c:1124:6:_nx_tftp_server_process_received_data	40	static
..\azure-rtos\netxduo\addons\tftp\nxd_tftp_server.c:1287:7:_nx_tftp_server_open_for_read_process	96	static
..\azure-rtos\netxduo\addons\tftp\nxd_tftp_server.c:1618:7:_nx_tftp_server_open_for_write_process	72	static
..\azure-rtos\netxduo\addons\tftp\nxd_tftp_server.c:1890:7:_nx_tftp_server_data_process	72	static
..\azure-rtos\netxduo\addons\tftp\nxd_tftp_server.c:2144:7:_nx_tftp_server_ack_process	64	static
..\azure-rtos\netxduo\addons\tftp\nxd_tftp_server.c:2319:6:_nx_tftp_server_send_data	56	static
..\azure-rtos\netxduo\addons\tftp\nxd_tftp_server.c:2519:6:_nx_tftp_server_send_ack	40	static
..\azure-rtos\netxduo\addons\tftp\nxd_tftp_server.c:2650:7:_nx_tftp_server_error_process	56	static
..\azure-rtos\netxduo\addons\tftp\nxd_tftp_server.c:2767:26:_nx_tftp_server_find_client_request	32	static
..\azure-rtos\netxduo\addons\tftp\nxd_tftp_server.c:2897:7:_nx_tftp_server_send_error	40	static
