../azure-rtos/netxduo/addons/tftp/nxd_tftp_client.c:91:7:_nxde_tftp_client_create	40	static
../azure-rtos/netxduo/addons/tftp/nxd_tftp_client.c:165:7:_nxd_tftp_client_create	48	static
../azure-rtos/netxduo/addons/tftp/nxd_tftp_client.c:273:7:_nxde_tftp_client_delete	24	static
../azure-rtos/netxduo/addons/tftp/nxd_tftp_client.c:335:7:_nxd_tftp_client_delete	16	static
../azure-rtos/netxduo/addons/tftp/nxd_tftp_client.c:395:7:_nxde_tftp_client_set_interface	24	static
../azure-rtos/netxduo/addons/tftp/nxd_tftp_client.c:465:7:_nxd_tftp_client_set_interface	16	static
../azure-rtos/netxduo/addons/tftp/nxd_tftp_client.c:526:7:_nxde_tftp_client_error_info_get	32	static
../azure-rtos/netxduo/addons/tftp/nxd_tftp_client.c:594:7:_nxd_tftp_client_error_info_get	24	static
../azure-rtos/netxduo/addons/tftp/nxd_tftp_client.c:649:7:_nxde_tftp_client_file_close	24	static
../azure-rtos/netxduo/addons/tftp/nxd_tftp_client.c:719:7:_nxd_tftp_client_file_close	32	static
../azure-rtos/netxduo/addons/tftp/nxd_tftp_client.c:861:7:_nxe_tftp_client_file_open	40	static
../azure-rtos/netxduo/addons/tftp/nxd_tftp_client.c:945:7:_nx_tftp_client_file_open	56	static
../azure-rtos/netxduo/addons/tftp/nxd_tftp_client.c:1026:7:_nxde_tftp_client_file_open	40	static
../azure-rtos/netxduo/addons/tftp/nxd_tftp_client.c:1112:7:_nxd_tftp_client_file_open	40	static
../azure-rtos/netxduo/addons/tftp/nxd_tftp_client.c:1180:7:_nx_tftp_client_file_open_internal	72	static
../azure-rtos/netxduo/addons/tftp/nxd_tftp_client.c:1529:7:_nxde_tftp_client_file_read	32	static
../azure-rtos/netxduo/addons/tftp/nxd_tftp_client.c:1611:7:_nxd_tftp_client_file_read	72	static
../azure-rtos/netxduo/addons/tftp/nxd_tftp_client.c:1991:7:_nxde_tftp_client_file_write	32	static
../azure-rtos/netxduo/addons/tftp/nxd_tftp_client.c:2067:7:_nxd_tftp_client_file_write	72	static
../azure-rtos/netxduo/addons/tftp/nxd_tftp_client.c:2329:7:_nxde_tftp_client_packet_allocate	32	static
../azure-rtos/netxduo/addons/tftp/nxd_tftp_client.c:2402:7:_nxd_tftp_client_packet_allocate	32	static
