../startup/startup_mimxrt1052.cpp:600:6:void data_init(unsigned int, unsigned int, unsigned int)	4	static
../startup/startup_mimxrt1052.cpp:609:6:void bss_init(unsigned int, unsigned int)	0	static
../startup/startup_mimxrt1052.cpp:634:6:void ResetISR()	0	static
../startup/startup_mimxrt1052.cpp:725:14:void NMI_Handler()	0	static
../startup/startup_mimxrt1052.cpp:729:14:void HardFault_Handler()	0	static
../startup/startup_mimxrt1052.cpp:733:14:void MemManage_Handler()	0	static
../startup/startup_mimxrt1052.cpp:737:14:void BusFault_Handler()	0	static
../startup/startup_mimxrt1052.cpp:741:14:void UsageFault_Handler()	0	static
../startup/startup_mimxrt1052.cpp:745:14:void SVC_Handler()	0	static
../startup/startup_mimxrt1052.cpp:749:14:void DebugMon_Handler()	0	static
../startup/startup_mimxrt1052.cpp:753:14:void PendSV_Handler()	0	static
../startup/startup_mimxrt1052.cpp:757:14:void SysTick_Handler()	0	static
../startup/startup_mimxrt1052.cpp:765:14:void IntDefaultHandler()	0	static
../startup/startup_mimxrt1052.cpp:775:11:void DMA0_DMA16_IRQHandler()	8	static
../startup/startup_mimxrt1052.cpp:779:11:void DMA1_DMA17_IRQHandler()	8	static
../startup/startup_mimxrt1052.cpp:783:11:void DMA2_DMA18_IRQHandler()	8	static
../startup/startup_mimxrt1052.cpp:787:11:void DMA3_DMA19_IRQHandler()	8	static
../startup/startup_mimxrt1052.cpp:791:11:void DMA4_DMA20_IRQHandler()	8	static
../startup/startup_mimxrt1052.cpp:795:11:void DMA5_DMA21_IRQHandler()	8	static
../startup/startup_mimxrt1052.cpp:799:11:void DMA6_DMA22_IRQHandler()	8	static
../startup/startup_mimxrt1052.cpp:803:11:void DMA7_DMA23_IRQHandler()	8	static
../startup/startup_mimxrt1052.cpp:807:11:void DMA8_DMA24_IRQHandler()	8	static
../startup/startup_mimxrt1052.cpp:811:11:void DMA9_DMA25_IRQHandler()	8	static
../startup/startup_mimxrt1052.cpp:815:11:void DMA10_DMA26_IRQHandler()	8	static
../startup/startup_mimxrt1052.cpp:819:11:void DMA11_DMA27_IRQHandler()	8	static
../startup/startup_mimxrt1052.cpp:823:11:void DMA12_DMA28_IRQHandler()	8	static
../startup/startup_mimxrt1052.cpp:827:11:void DMA13_DMA29_IRQHandler()	8	static
../startup/startup_mimxrt1052.cpp:831:11:void DMA14_DMA30_IRQHandler()	8	static
../startup/startup_mimxrt1052.cpp:835:11:void DMA15_DMA31_IRQHandler()	8	static
../startup/startup_mimxrt1052.cpp:839:11:void DMA_ERROR_IRQHandler()	8	static
../startup/startup_mimxrt1052.cpp:843:11:void CTI0_ERROR_IRQHandler()	8	static
../startup/startup_mimxrt1052.cpp:847:11:void CTI1_ERROR_IRQHandler()	8	static
../startup/startup_mimxrt1052.cpp:851:11:void CORE_IRQHandler()	8	static
../startup/startup_mimxrt1052.cpp:855:11:void LPUART1_IRQHandler()	8	static
../startup/startup_mimxrt1052.cpp:859:11:void LPUART2_IRQHandler()	8	static
../startup/startup_mimxrt1052.cpp:863:11:void LPUART3_IRQHandler()	8	static
../startup/startup_mimxrt1052.cpp:867:11:void LPUART4_IRQHandler()	8	static
../startup/startup_mimxrt1052.cpp:871:11:void LPUART5_IRQHandler()	8	static
../startup/startup_mimxrt1052.cpp:875:11:void LPUART6_IRQHandler()	8	static
../startup/startup_mimxrt1052.cpp:879:11:void LPUART7_IRQHandler()	8	static
../startup/startup_mimxrt1052.cpp:883:11:void LPUART8_IRQHandler()	8	static
../startup/startup_mimxrt1052.cpp:887:11:void LPI2C1_IRQHandler()	8	static
../startup/startup_mimxrt1052.cpp:891:11:void LPI2C2_IRQHandler()	8	static
../startup/startup_mimxrt1052.cpp:895:11:void LPI2C3_IRQHandler()	8	static
../startup/startup_mimxrt1052.cpp:899:11:void LPI2C4_IRQHandler()	8	static
../startup/startup_mimxrt1052.cpp:903:11:void LPSPI1_IRQHandler()	8	static
../startup/startup_mimxrt1052.cpp:907:11:void LPSPI2_IRQHandler()	8	static
../startup/startup_mimxrt1052.cpp:911:11:void LPSPI3_IRQHandler()	8	static
../startup/startup_mimxrt1052.cpp:915:11:void LPSPI4_IRQHandler()	8	static
../startup/startup_mimxrt1052.cpp:919:11:void CAN1_IRQHandler()	8	static
../startup/startup_mimxrt1052.cpp:923:11:void CAN2_IRQHandler()	8	static
../startup/startup_mimxrt1052.cpp:927:11:void FLEXRAM_IRQHandler()	8	static
../startup/startup_mimxrt1052.cpp:931:11:void KPP_IRQHandler()	8	static
../startup/startup_mimxrt1052.cpp:935:11:void TSC_DIG_IRQHandler()	8	static
../startup/startup_mimxrt1052.cpp:939:11:void GPR_IRQ_IRQHandler()	8	static
../startup/startup_mimxrt1052.cpp:943:11:void LCDIF_IRQHandler()	8	static
../startup/startup_mimxrt1052.cpp:947:11:void CSI_IRQHandler()	8	static
../startup/startup_mimxrt1052.cpp:951:11:void PXP_IRQHandler()	8	static
../startup/startup_mimxrt1052.cpp:955:11:void WDOG2_IRQHandler()	8	static
../startup/startup_mimxrt1052.cpp:959:11:void SNVS_HP_WRAPPER_IRQHandler()	8	static
../startup/startup_mimxrt1052.cpp:963:11:void SNVS_HP_WRAPPER_TZ_IRQHandler()	8	static
../startup/startup_mimxrt1052.cpp:967:11:void SNVS_LP_WRAPPER_IRQHandler()	8	static
../startup/startup_mimxrt1052.cpp:971:11:void CSU_IRQHandler()	8	static
../startup/startup_mimxrt1052.cpp:975:11:void DCP_IRQHandler()	8	static
../startup/startup_mimxrt1052.cpp:979:11:void DCP_VMI_IRQHandler()	8	static
../startup/startup_mimxrt1052.cpp:983:11:void Reserved68_IRQHandler()	8	static
../startup/startup_mimxrt1052.cpp:987:11:void TRNG_IRQHandler()	8	static
../startup/startup_mimxrt1052.cpp:991:11:void SJC_IRQHandler()	8	static
../startup/startup_mimxrt1052.cpp:995:11:void BEE_IRQHandler()	8	static
../startup/startup_mimxrt1052.cpp:999:11:void SAI1_IRQHandler()	8	static
../startup/startup_mimxrt1052.cpp:1003:11:void SAI2_IRQHandler()	8	static
../startup/startup_mimxrt1052.cpp:1007:11:void SAI3_RX_IRQHandler()	8	static
../startup/startup_mimxrt1052.cpp:1011:11:void SAI3_TX_IRQHandler()	8	static
../startup/startup_mimxrt1052.cpp:1015:11:void SPDIF_IRQHandler()	8	static
../startup/startup_mimxrt1052.cpp:1019:11:void PMU_EVENT_IRQHandler()	8	static
../startup/startup_mimxrt1052.cpp:1023:11:void Reserved78_IRQHandler()	8	static
../startup/startup_mimxrt1052.cpp:1027:11:void TEMP_LOW_HIGH_IRQHandler()	8	static
../startup/startup_mimxrt1052.cpp:1031:11:void TEMP_PANIC_IRQHandler()	8	static
../startup/startup_mimxrt1052.cpp:1035:11:void USB_PHY1_IRQHandler()	8	static
../startup/startup_mimxrt1052.cpp:1039:11:void USB_PHY2_IRQHandler()	8	static
../startup/startup_mimxrt1052.cpp:1043:11:void ADC1_IRQHandler()	8	static
../startup/startup_mimxrt1052.cpp:1047:11:void ADC2_IRQHandler()	8	static
../startup/startup_mimxrt1052.cpp:1051:11:void DCDC_IRQHandler()	8	static
../startup/startup_mimxrt1052.cpp:1055:11:void Reserved86_IRQHandler()	8	static
../startup/startup_mimxrt1052.cpp:1059:11:void Reserved87_IRQHandler()	8	static
../startup/startup_mimxrt1052.cpp:1063:11:void GPIO1_INT0_IRQHandler()	8	static
../startup/startup_mimxrt1052.cpp:1067:11:void GPIO1_INT1_IRQHandler()	8	static
../startup/startup_mimxrt1052.cpp:1071:11:void GPIO1_INT2_IRQHandler()	8	static
../startup/startup_mimxrt1052.cpp:1075:11:void GPIO1_INT3_IRQHandler()	8	static
../startup/startup_mimxrt1052.cpp:1079:11:void GPIO1_INT4_IRQHandler()	8	static
../startup/startup_mimxrt1052.cpp:1083:11:void GPIO1_INT5_IRQHandler()	8	static
../startup/startup_mimxrt1052.cpp:1087:11:void GPIO1_INT6_IRQHandler()	8	static
../startup/startup_mimxrt1052.cpp:1091:11:void GPIO1_INT7_IRQHandler()	8	static
../startup/startup_mimxrt1052.cpp:1095:11:void GPIO1_Combined_0_15_IRQHandler()	8	static
../startup/startup_mimxrt1052.cpp:1099:11:void GPIO1_Combined_16_31_IRQHandler()	8	static
../startup/startup_mimxrt1052.cpp:1103:11:void GPIO2_Combined_0_15_IRQHandler()	8	static
../startup/startup_mimxrt1052.cpp:1107:11:void GPIO2_Combined_16_31_IRQHandler()	8	static
../startup/startup_mimxrt1052.cpp:1111:11:void GPIO3_Combined_0_15_IRQHandler()	8	static
../startup/startup_mimxrt1052.cpp:1115:11:void GPIO3_Combined_16_31_IRQHandler()	8	static
../startup/startup_mimxrt1052.cpp:1119:11:void GPIO4_Combined_0_15_IRQHandler()	8	static
../startup/startup_mimxrt1052.cpp:1123:11:void GPIO4_Combined_16_31_IRQHandler()	8	static
../startup/startup_mimxrt1052.cpp:1127:11:void GPIO5_Combined_0_15_IRQHandler()	8	static
../startup/startup_mimxrt1052.cpp:1131:11:void GPIO5_Combined_16_31_IRQHandler()	8	static
../startup/startup_mimxrt1052.cpp:1135:11:void FLEXIO1_IRQHandler()	8	static
../startup/startup_mimxrt1052.cpp:1139:11:void FLEXIO2_IRQHandler()	8	static
../startup/startup_mimxrt1052.cpp:1143:11:void WDOG1_IRQHandler()	8	static
../startup/startup_mimxrt1052.cpp:1147:11:void RTWDOG_IRQHandler()	8	static
../startup/startup_mimxrt1052.cpp:1151:11:void EWM_IRQHandler()	8	static
../startup/startup_mimxrt1052.cpp:1155:11:void CCM_1_IRQHandler()	8	static
../startup/startup_mimxrt1052.cpp:1159:11:void CCM_2_IRQHandler()	8	static
../startup/startup_mimxrt1052.cpp:1163:11:void GPC_IRQHandler()	8	static
../startup/startup_mimxrt1052.cpp:1167:11:void SRC_IRQHandler()	8	static
../startup/startup_mimxrt1052.cpp:1171:11:void Reserved115_IRQHandler()	8	static
../startup/startup_mimxrt1052.cpp:1175:11:void GPT1_IRQHandler()	8	static
../startup/startup_mimxrt1052.cpp:1179:11:void GPT2_IRQHandler()	8	static
../startup/startup_mimxrt1052.cpp:1183:11:void PWM1_0_IRQHandler()	8	static
../startup/startup_mimxrt1052.cpp:1187:11:void PWM1_1_IRQHandler()	8	static
../startup/startup_mimxrt1052.cpp:1191:11:void PWM1_2_IRQHandler()	8	static
../startup/startup_mimxrt1052.cpp:1195:11:void PWM1_3_IRQHandler()	8	static
../startup/startup_mimxrt1052.cpp:1199:11:void PWM1_FAULT_IRQHandler()	8	static
../startup/startup_mimxrt1052.cpp:1203:11:void Reserved123_IRQHandler()	8	static
../startup/startup_mimxrt1052.cpp:1207:11:void FLEXSPI_IRQHandler()	8	static
../startup/startup_mimxrt1052.cpp:1211:11:void SEMC_IRQHandler()	8	static
../startup/startup_mimxrt1052.cpp:1215:11:void USDHC1_IRQHandler()	8	static
../startup/startup_mimxrt1052.cpp:1219:11:void USDHC2_IRQHandler()	8	static
../startup/startup_mimxrt1052.cpp:1223:11:void USB_OTG2_IRQHandler()	8	static
../startup/startup_mimxrt1052.cpp:1227:11:void USB_OTG1_IRQHandler()	8	static
../startup/startup_mimxrt1052.cpp:1231:11:void ENET_IRQHandler()	8	static
../startup/startup_mimxrt1052.cpp:1235:11:void ENET_1588_Timer_IRQHandler()	8	static
../startup/startup_mimxrt1052.cpp:1239:11:void XBAR1_IRQ_0_1_IRQHandler()	8	static
../startup/startup_mimxrt1052.cpp:1243:11:void XBAR1_IRQ_2_3_IRQHandler()	8	static
../startup/startup_mimxrt1052.cpp:1247:11:void ADC_ETC_IRQ0_IRQHandler()	8	static
../startup/startup_mimxrt1052.cpp:1251:11:void ADC_ETC_IRQ1_IRQHandler()	8	static
../startup/startup_mimxrt1052.cpp:1255:11:void ADC_ETC_IRQ2_IRQHandler()	8	static
../startup/startup_mimxrt1052.cpp:1259:11:void ADC_ETC_ERROR_IRQ_IRQHandler()	8	static
../startup/startup_mimxrt1052.cpp:1263:11:void PIT_IRQHandler()	8	static
../startup/startup_mimxrt1052.cpp:1267:11:void ACMP1_IRQHandler()	8	static
../startup/startup_mimxrt1052.cpp:1271:11:void ACMP2_IRQHandler()	8	static
../startup/startup_mimxrt1052.cpp:1275:11:void ACMP3_IRQHandler()	8	static
../startup/startup_mimxrt1052.cpp:1279:11:void ACMP4_IRQHandler()	8	static
../startup/startup_mimxrt1052.cpp:1283:11:void Reserved143_IRQHandler()	8	static
../startup/startup_mimxrt1052.cpp:1287:11:void Reserved144_IRQHandler()	8	static
../startup/startup_mimxrt1052.cpp:1291:11:void ENC1_IRQHandler()	8	static
../startup/startup_mimxrt1052.cpp:1295:11:void ENC2_IRQHandler()	8	static
../startup/startup_mimxrt1052.cpp:1299:11:void ENC3_IRQHandler()	8	static
../startup/startup_mimxrt1052.cpp:1303:11:void ENC4_IRQHandler()	8	static
../startup/startup_mimxrt1052.cpp:1307:11:void TMR1_IRQHandler()	8	static
../startup/startup_mimxrt1052.cpp:1311:11:void TMR2_IRQHandler()	8	static
../startup/startup_mimxrt1052.cpp:1315:11:void TMR3_IRQHandler()	8	static
../startup/startup_mimxrt1052.cpp:1319:11:void TMR4_IRQHandler()	8	static
../startup/startup_mimxrt1052.cpp:1323:11:void PWM2_0_IRQHandler()	8	static
../startup/startup_mimxrt1052.cpp:1327:11:void PWM2_1_IRQHandler()	8	static
../startup/startup_mimxrt1052.cpp:1331:11:void PWM2_2_IRQHandler()	8	static
../startup/startup_mimxrt1052.cpp:1335:11:void PWM2_3_IRQHandler()	8	static
../startup/startup_mimxrt1052.cpp:1339:11:void PWM2_FAULT_IRQHandler()	8	static
../startup/startup_mimxrt1052.cpp:1343:11:void PWM3_0_IRQHandler()	8	static
../startup/startup_mimxrt1052.cpp:1347:11:void PWM3_1_IRQHandler()	8	static
../startup/startup_mimxrt1052.cpp:1351:11:void PWM3_2_IRQHandler()	8	static
../startup/startup_mimxrt1052.cpp:1355:11:void PWM3_3_IRQHandler()	8	static
../startup/startup_mimxrt1052.cpp:1359:11:void PWM3_FAULT_IRQHandler()	8	static
../startup/startup_mimxrt1052.cpp:1363:11:void PWM4_0_IRQHandler()	8	static
../startup/startup_mimxrt1052.cpp:1367:11:void PWM4_1_IRQHandler()	8	static
../startup/startup_mimxrt1052.cpp:1371:11:void PWM4_2_IRQHandler()	8	static
../startup/startup_mimxrt1052.cpp:1375:11:void PWM4_3_IRQHandler()	8	static
../startup/startup_mimxrt1052.cpp:1379:11:void PWM4_FAULT_IRQHandler()	8	static
