C:\Users\Geramy\Documents\MCUXpressoIDE_11.7.1_9221\workspace\remora_rt1052_AzureRTOS\CMSIS/core_cm7.h:1911:22:__NVIC_EnableIRQ	16	static
C:\Users\Geramy\Documents\MCUXpressoIDE_11.7.1_9221\workspace\remora_rt1052_AzureRTOS\drivers/fsl_common_arm.h:210:20:_SDK_AtomicLocalClearAndSet4Byte	48	static
C:\Users\Geramy\Documents\MCUXpressoIDE_11.7.1_9221\workspace\remora_rt1052_AzureRTOS\drivers/fsl_clock.h:1465:20:CLOCK_ControlGate	32	static
C:\Users\Geramy\Documents\MCUXpressoIDE_11.7.1_9221\workspace\remora_rt1052_AzureRTOS\drivers/fsl_clock.h:1482:20:CLOCK_EnableClock	16	static
C:\Users\Geramy\Documents\MCUXpressoIDE_11.7.1_9221\workspace\remora_rt1052_AzureRTOS\drivers/fsl_common_arm.h:499:24:EnableIRQ	24	static
C:\Users\Geramy\Documents\MCUXpressoIDE_11.7.1_9221\workspace\remora_rt1052_AzureRTOS\component\phy/fsl_phy.h:147:24:PHY_Init	16	static
C:\Users\Geramy\Documents\MCUXpressoIDE_11.7.1_9221\workspace\remora_rt1052_AzureRTOS\component\phy/fsl_phy.h:206:24:PHY_GetLinkStatus	16	static
C:\Users\Geramy\Documents\MCUXpressoIDE_11.7.1_9221\workspace\remora_rt1052_AzureRTOS\component\phy/fsl_phy.h:223:24:PHY_GetLinkSpeedDuplex	24	static
C:\Users\Geramy\Documents\MCUXpressoIDE_11.7.1_9221\workspace\remora_rt1052_AzureRTOS\drivers/fsl_iomuxc.h:1092:20:IOMUXC_SetPinMux	24	static
C:\Users\Geramy\Documents\MCUXpressoIDE_11.7.1_9221\workspace\remora_rt1052_AzureRTOS\drivers/fsl_iomuxc.h:1124:20:IOMUXC_SetPinConfig	24	static
C:\Users\Geramy\Documents\MCUXpressoIDE_11.7.1_9221\workspace\remora_rt1052_AzureRTOS\drivers/fsl_iomuxc.h:1144:20:IOMUXC_EnableMode	24	static
..\source\drivers\nx_driver\nx_driver_imxrt10xx.c:156:7:nx_driver_imx	16	static
..\source\drivers\nx_driver\nx_driver_imxrt10xx.c:315:14:_nx_driver_interface_attach	16	static
..\source\drivers\nx_driver\nx_driver_imxrt10xx.c:372:14:_nx_driver_initialize	32	static
..\source\drivers\nx_driver\nx_driver_imxrt10xx.c:491:14:_nx_driver_enable	24	static
..\source\drivers\nx_driver\nx_driver_imxrt10xx.c:579:14:_nx_driver_disable	24	static
..\source\drivers\nx_driver\nx_driver_imxrt10xx.c:663:14:_nx_driver_packet_send	32	static
..\source\drivers\nx_driver\nx_driver_imxrt10xx.c:824:14:_nx_driver_multicast_join	24	static
..\source\drivers\nx_driver\nx_driver_imxrt10xx.c:899:14:_nx_driver_multicast_leave	24	static
..\source\drivers\nx_driver\nx_driver_imxrt10xx.c:972:14:_nx_driver_get_status	24	static
..\source\drivers\nx_driver\nx_driver_imxrt10xx.c:1154:14:_nx_driver_deferred_processing	40	static
..\source\drivers\nx_driver\nx_driver_imxrt10xx.c:1238:13:_nx_driver_transfer_to_netx	24	static
..\source\drivers\nx_driver\nx_driver_imxrt10xx.c:1505:6:enet_init_imx	16	static
..\source\drivers\nx_driver\nx_driver_imxrt10xx.c:1583:6:delay	16	static
..\source\drivers\nx_driver\nx_driver_imxrt10xx.c:1592:6:BOARD_InitModule	24	static
..\source\drivers\nx_driver\nx_driver_imxrt10xx.c:1800:6:enet_init	88	static
..\source\drivers\nx_driver\nx_driver_imxrt10xx.c:1903:14:_nx_driver_hardware_initialize	24	static
..\source\drivers\nx_driver\nx_driver_imxrt10xx.c:2070:14:_nx_driver_hardware_enable	16	static
..\source\drivers\nx_driver\nx_driver_imxrt10xx.c:2128:14:_nx_driver_hardware_disable	16	static
..\source\drivers\nx_driver\nx_driver_imxrt10xx.c:2178:14:_nx_driver_hardware_packet_send	40	static
..\source\drivers\nx_driver\nx_driver_imxrt10xx.c:2322:15:nx_crc32	40	static
..\source\drivers\nx_driver\nx_driver_imxrt10xx.c:2389:14:_nx_driver_hardware_multicast_join	32	static
..\source\drivers\nx_driver\nx_driver_imxrt10xx.c:2468:14:_nx_driver_hardware_multicast_leave	32	static
..\source\drivers\nx_driver\nx_driver_imxrt10xx.c:2549:14:_nx_driver_hardware_get_status	16	static
..\source\drivers\nx_driver\nx_driver_imxrt10xx.c:2598:14:_nx_driver_hardware_packet_transmitted	16	static
..\source\drivers\nx_driver\nx_driver_imxrt10xx.c:2688:14:_nx_driver_hardware_packet_received	40	static
..\source\drivers\nx_driver\nx_driver_imxrt10xx.c:2844:7:nx_driver_link_mode_changed	16	static
..\source\drivers\nx_driver\nx_driver_imxrt10xx.c:2978:7:nx_driver_imx_ethernet_isr	16	static
